// Jest Snapshot v1, https://goo.gl/fbAQLP

exports[`SOSCall #render should render SOS Call 1`] = `
"<div class=\\"container\\">
    <div>
        <img style=\\"width: 30px; height: 30px; text-align:center\\" src=\\"../images/homeicon.png\\">
        <div>Cancel</div>
    </div>

    <div>
        <img src='../images/Phone.png' style=\\"text-align:center; height: 25%; width: 25%;\\">
        <div>Calling Police...</div>
    </div>
    <div>
        <br>
    </div>
</div>
"
`;
